[    0.000000] Initializing cgroup subsys cpuset
[    0.000000] Initializing cgroup subsys cpu
[    0.000000] Initializing cgroup subsys cpuacct
[    0.000000] Linux version 4.4.0-62-generic (buildd@lcy01-31) (gcc version 5.4.0 20160609 (Ubuntu 5.4.0-6ubuntu1~16.04.4) ) #83-Ubuntu SMP Wed Jan 18 14:09:55 UTC 2017 (Ubuntu 4.4.0-62.83-generic 4.4.40)
[    0.000000] KERNEL supported cpus:
[    0.000000]   Intel GenuineIntel
[    0.000000]   AMD AuthenticAMD
[    0.000000]   NSC Geode by NSC
[    0.000000]   Cyrix CyrixInstead
[    0.000000]   Centaur CentaurHauls
[    0.000000]   Transmeta GenuineTMx86
[    0.000000]   Transmeta TransmetaCPU
[    0.000000]   UMC UMC UMC UMC
[    0.000000] x86/fpu: Legacy x87 FPU detected.
[    0.000000] x86/fpu: Using 'lazy' FPU context switches.
[    0.000000] e820: BIOS-provided physical RAM map:
[    0.000000] BIOS-e820: [mem 0x0000000000000000-0x000000000009fbff] usable
[    0.000000] BIOS-e820: [mem 0x000000000009fc00-0x000000000009ffff] reserved
[    0.000000] BIOS-e820: [mem 0x00000000000f0000-0x00000000000fffff] reserved
[    0.000000] BIOS-e820: [mem 0x0000000000100000-0x000000003ffeffff] usable
[    0.000000] BIOS-e820: [mem 0x000000003fff0000-0x000000003fffffff] ACPI data
[    0.000000] BIOS-e820: [mem 0x00000000fffc0000-0x00000000ffffffff] reserved
[    0.000000] NX (Execute Disable) protection: active
[    0.000000] SMBIOS 2.5 present.
[    0.000000] e820: last_pfn = 0x3fff0 max_arch_pfn = 0x1000000
[    0.000000] MTRR: Disabled
[    0.000000] x86/PAT: MTRRs disabled, skipping PAT initialization too.
[    0.000000] x86/PAT: Configuration [0-7]: WB  WT  UC- UC  WB  WT  UC- UC  
[    0.000000] CPU MTRRs all blank - virtualized system.
[    0.000000] found SMP MP-table at [mem 0x0009fff0-0x0009ffff] mapped at [c009fff0]
[    0.000000] Scanning 1 areas for low memory corruption
[    0.000000] RAMDISK: [mem 0x36b5e000-0x375a6fff]
[    0.000000] ACPI: Early table checksum verification disabled
[    0.000000] ACPI: RSDP 0x00000000000E0000 000024 (v02 VBOX  )
[    0.000000] ACPI: XSDT 0x000000003FFF0030 00003C (v01 VBOX   VBOXXSDT 00000001 ASL  00000061)
[    0.000000] ACPI: FACP 0x000000003FFF00F0 0000F4 (v04 VBOX   VBOXFACP 00000001 ASL  00000061)
[    0.000000] ACPI: DSDT 0x000000003FFF0470 001BF1 (v01 VBOX   VBOXBIOS 00000002 INTL 20140214)
[    0.000000] ACPI: FACS 0x000000003FFF0200 000040
[    0.000000] ACPI: FACS 0x000000003FFF0200 000040
[    0.000000 ACPI:AP 0x0000003FF020 00005C (v02 VBOX   VBOXAPIC 00000001 ASL  00000061)
[    0.000000] ACPI: SSDT 0x000000003FFF02A0 0001CC (v01 VBOX   VBOXCPUT 00000002 INTL 20140214)
[    0.000000] 131MB HIGHMEM available.
[    0.000000] 891MB LOWMEM available.
[    0.000000]   mapped low ram: 0 - 37bfe000
[    0.000000]   low ram: 0 - 3bf000
[   .00000] Zone ranges:
[   0.00000]  MA     [em 0x00000000001000-x000000000ffffff
[   000000]   Normal   [mem 0x0000000001000000-0x0000000037bfdfff]
[    0.000000]   HighMem  [mem 0x0000000037bfe000-0x000000003fffff]
[  0.000000] Movable zone start for each node
[    0.000000] Early memory node ranges
[    0.000000]   node   0: [mem 0x0000000000001000-0x000000000009efff]
[    0.000000]   node   0: [mem 0x0000000000100000-0x000000003ffeffff][    0.000000] Initmem setup node 0 [mem 0x0000000000001000-0x000000003ffeffff]
[    0.000000] Using APIC driver default
[    0.000000] ACPI: PM-Timer IO Port: 0x4008
[    0.000000] IOAPIC[0]: apic_id 2, version 17, address xfc00000, GSI 0-23
[    0.000000] ACPI: INT_SRC_OVR (bus 0 bus_irq 0 global_irq 2 dfl dfl)
[    0.000000] ACPI: INT_SRC_OVR (bus 0 bus_irq 9 global_irq 9 high level)
[    0.000000] Using ACPI (MADT) for SMP configuration information
[    0.000000] smpboot: Allowing 2 CPUs, 0 hotplug CPUs
[    0.000000] PM: Registered nosave memory: [mem 0x00000000-0x00000fff]
[    0.000000] PM: Registered nosave memory: [mem 0x0009f000-0x0009ffff]
[    0.000000] PM: Registered nosave memory: [mem 0x000a0000-0x000effff]
[    0.000000] PM: Registered nosave memory: [mem 0x000f0000-0x000fffff]
[    0.000000] e820: [mem 0x40000000-0xfffbffff] available for PCI devices
[    0.000000] Booting paravirtualized kernel on bare hardware
[    0.000000] clocksource: refined-jiffies: mask: 0xffffffff max_cycles: 0xffffffff, max_idle_ns: 76455960211568 ns
[   .00000] etup_prcu: NR_PU:8 nr_cpumaskbis:8 nr_cpu_ids:2 nr_node_ids:1
[    0.000000] PERCPU: Embedded 19 pages/cpu @f76b1000 s47436 r0 d30388 u77824
[    0.000000] Built 1 zonelists in Zone order, mobility grouping on.  Total pages: 259800
[    0.000000] Kernel command line: BOOT_IMAGE=/boot/vmlinuz-4.4.0-62-generic root=LABEL=cloudimg-rootfs ro console=tty1 console=ttyS0
[    0.000000] PID hash table entries: 4096 (order: 2, 16384 bytes)
[    0.000000] Dentry cache hash table entries: 131072 (order: 7, 524288 bytes)
[    0.000000] Iode-cahehash table etres: 55 (orer 6, 624 byes
[   0.00000]IntializngCPU#0[    0.0000]Inialiin HighMem fr ode  (037be:003ff0
[   0.00000] Initializing Movable for node 0 (00000000:00000000)
[    0.000000] Memory: 1012472K/1048120K available (7915K kernel code, 764K rwdata, 3148K rodata, 944K ni, 800Kbs, 3564K eserved, 0K ma-rseed, 3512K igmem)
   0.0000] vrtal kerelmemorylaout:
   0.00000     fixap : 0xfff1500 - 0fff000  ( 93 kB)
[    0.000000]     pkmap   : 0xffc00000 - 0xffe00000   (2048 kB)
[    0.000000]     vmalloc : 0xf83fe000 - 0xffbfe000   ( 120 MB)
[    0.000000]     lowmem  : 0xc0000000 - 0xf7bfe000   ( 891 MB)
[    0.000000]       .init : 0xc1b91000 - 0xc1c7d000   ( 944 kB)
[    0.000000]       .data 0xc17bb2b  0xcb83c0   390 kB)
   0.000000]       .text  0c1000000- xc17bb2b   (7916 kB)
[    000000] Cheking if hiprocessor honours the WP bit even in supervisor mode...Ok.
[    0.000000] SLUB: HWalign=64, Order=0-3, MinObjects=0, CPUs=2, Nodes=1
[    0.000000] Hierarchical RCU implementation.
[    0.000000] 	Build-time adjustment of leaf fanout to 32.
[    0.000000] 	RCU restricting CPUs from NR_CPUS=8 to nr_cpu_ids=2.
[    0.000000] RCU: Adjusting geometry for rcu_fanout_leaf=32, nr_cpu_ids=2
[    0.000000] NR_IRQS:2304 nr_irqs:440 16
[    0.000000] Console: colour VGA+ 80x25
[    0.000000] console [tty1] enabled
[    0.000000] console [ttyS0] enabled
[    0.000000] allocated 1048576 bytes of page_ext
[    0.000000] tsc: Fast TSC calibration failed
[    0.000000] tsc: PIT calibration matches PMTIMER. 1 loops
[    0.000000] tsc: Detected 3058.951 MHz processor
[    0.016028] Calibrating delay loop (skipped), value calculated using timer frequency.. 6117.90 BogoMIPS (lpj=12235804)
[    0.017985] pid_max: default: 32768 minimum: 301
[    0.020024] ACPI: Core revision 20150930
[    0.021773] ACPI: 2 ACPI AML tables successfully acquired and loaded
[    0.023056] Security Framework initialized
[    0.024012] Yama: becoming mindful.
[    0.024750] AppArmor: AppArmor initialized
[    0.025584] Mount-cache hash table entries: 2048 (order: 1, 8192 bytes)
[    0.028014] Mountpoint-cache hash table entries: 2048 (order: 1, 8192 bytes)
[    0.029361] Initializing cgroup subsys io
[    0.030352] Initializing cgroup subsys memory
[    0.032019] Initializing cgroup subsys devices
[    0.032875] Initializing cgroup subsys freezer
[    0.033747] Initializing cgroup subsys net_cls
[    0.034605] Initializing cgroup subsys perf_event
[    0.036016] Initializing cgroup subsys net_prio
[    0.040031] Initializing cgroup subsys hugetlb
[    0.044029] Initializing cgroup subsys pids
[    0.048140] CPU: Physical Processor ID: 0
[    0.052022] CPU: Processor Core ID: 0
[    0.056039] mce: CPU supports 0 MCE banks
[    0.060050] Last level iTLB entries: 4KB 512, 2MB 7, 4MB 7
[    0.064012] Last level dTLB entries: 4KB 512, 2MB 32, 4MB 32, 1GB 0
[    0.073290] Freeing SMP alternatives memory: 28K (c1c7d000 - c1c84000)
[    0.087489] ftrace: allocating 31350 entries in 62 pages
[    0.100151] smpboot: APIC(0) Converting physical 0 to logical package 0
[    0.104019] smpboot: Max logical packages: 1
[    0.105046] Enabling APIC mode:  Flat.  Using 1 I/O APICs
[    0.109282] ..TIMER: vector=0x30 apic1=0 pin1=2 apic2=-1 pin2=-1
[    0.156000] smpboot: CPU0: Intel(R) Core(TM) i3 CPU         540  @ 3.07GHz (family: 0x6, model: 0x25, stepping: 0x5)
[    0.158061] Performance Events: unsupported p6 CPU model 37 no PMU driver, software events only.
[    0.161291] NMI watchdog: disabled (cpu0): hardware events not enabled
[    0.164008] NMI watchdog: Shutting down hard lockup detector on all cpus
[    0.165827] x86: Booting SMP configuration:
[    0.168009] .... node  #0, CPUs:      #1
[    0.020000] Initializing CPU#1
[    0.020000] mce: CPU supports 0 MCE banks
[    0.174774] x86: Booted up 1 node, 2 CPUs
[    0.175947] smpboot: Total of 2 processors activated (12235.80 BogoMIPS)
[    0.176553] devtmpfs: initialized
[    0.176725] evm: security.selinux
[    0.176725] evm: security.SMACK64
[    0.178455] evm: security.SMACK64EXEC
[    0.179146] evm: security.SMACK64TRANSMUTE
[    0.180802] evm: security.SMACK64MMAP
[    0.181197] evm: security.ima
[    0.181853] evm: security.capability
[    0.184186] clocksource: jiffies: mask: 0xffffffff max_cycles: 0xffffffff, max_idle_ns: 7645041785100000 ns
[    0.396171] pinctrl core: initialized pinctrl subsystem
[    0.416207] RTC time: 10:39:43, date: 02/13/17
[    0.424222] NET: Registered protocol family 16
[    0.432265] EISA bus registered
[    0.448020] cpuidle: using governor ladder
[    0.456042] cpuidle: using governor menu
[    0.564030] PCCT header not found.
[    0.664145] ACPI: bus type PCI registered
[    0.776012] acpiphp: ACPI Hot Plug PCI Controller Driver version: 0.5
[    0.965051] PCI : PCI BIOS area is rw and x. Use pci=nobios if you want it NX.
[    1.172022] PCI: PCI BIOS revision 2.10 entry at 0xfda26, last bus=0
[    1.364013] PCI: Using configuration type 1 for base access
[    1.488233] ACPI: Added _OSI(Module Device)
[    1.492024] ACPI: Added _OSI(Processor Device)
[    1.496014] ACPI: Added _OSI(3.0 _SCP Extensions)
[    1.500022] ACPI: Added _OSI(Processor Aggregator Device)
[    1.502009] ACPI: Executed 1 blocks of module-level executable AML code
[    1.514052] ACPI: Interpreter enabled
[    1.516025] ACPI: (supports S0 S5)
[    1.520009] ACPI: Using IOAPIC for interrupt routing
[    1.524202] PCI: Using host bridge windows from ACPI; if necessary, use "pci=nocrs" and report a bug
[    1.530326] ACPI: PCI Root Bridge [PCI0] (domain 0000 [bus 00-ff])
[    1.532018] acpi PNP0A03:00: _OSC: OS supports [ASPM ClockPM Segments MSI]
[    1.536016] acpi PNP0A03:00: _OSC failed (AE_NOT_FOUND); disabling ASPM
[    1.540013] acpi PNP0A03:00: fail to add MMCONFIG information, can't access extended PCI configuration space under this bridge.
[    1.544299] PCI host bridge to bus 0000:00
[    1.548011] pci_bus 0000:00: root bus resource [io  0x0000-0x0cf7 window]
[    1.552010] pci_bus 0000:00: root bus resource [io  0x0d00-0xffff window]
[    1.556010] pci_bus 0000:00: root bus resource [mem 0x000a0000-0x000bffff window]
[    1.557419] pci_bus 0000:00: root bus resource [mem 0x40000000-0xffdfffff window]
[    1.560011] pci_bus 0000:00: root bus resource [bus 00-ff]
[    1.565977] pci 0000:00:01.1: legacy IDE quirk: reg 0x10: [io  0x01f0-0x01f7]
[    1.568022] pci 0000:00:01.1: legacy IDE quirk: reg 0x14: [io  0x03f6]
[    1.572011] pci 0000:00:01.1: legacy IDE quirk: reg 0x18: [io  0x0170-0x0177]
[    1.576010] pci 0000:00:01.1: legacy IDE quirk: reg 0x1c: [io  0x0376]
[    1.619889] ACPI: PCI Interrupt Link [LNKA] (IRQs 5 9 10 11) *0, disabled.
[    1.640566] ACPI: PCI Interrupt Link [LNKB] (IRQs 5 9 10 *11)
[    1.656389] ACPI: PCI Interrupt Link [LNKC] (IRQs 5 9 *10 11)
[    1.672481] ACPI: PCI Interrupt Link [LNKD] (IRQs 5 *9 10 11)
[    1.688551] ACPI: Enabled 2 GPEs in block 00 to 07
[    1.692248] vgaarb: setting as boot device: PCI:0000:00:02.0
[    1.696000] vgaarb: device added: PCI:0000:00:02.0,decodes=io+mem,owns=io+mem,locks=none
[    1.696015] vgaarb: loaded
[    1.696642] vgaarb: bridge control possible 0000:00:02.0
[    1.697886] SCSI subsystem initialized
[    1.698793] ACPI: bus type USB registered
[    1.700045] usbcore: registered new interface driver usbfs
[    1.704022] usbcore: registered new interface driver hub
[    1.708048] usbcore: registered new device driver usb
[    1.712140] PCI: Using ACPI for IRQ routing
[    1.716302] NetLabel: Initializing
[    1.720009] NetLabel:  domain hash size = 128
[    1.724008] NetLabel:  protocols = UNLABELED CIPSOv4
[    1.728045] NetLabel:  unlabeled traffic allowed by default
[    1.732133] amd_nb: Cannot enumerate AMD northbridges
[    1.736123] clocksource: Switched to clocksource refined-jiffies
[    1.749141] AppArmor: AppArmor Filesystem Enabled
[    1.752099] pnp: PnP ACPI init
[    1.756791] pnp: PnP ACPI: found 4 devices
[    1.760020] PnPBIOS: Disabled by ACPI PNP
[    1.808306] clocksource: acpi_pm: mask: 0xffffff max_cycles: 0xffffff, max_idle_ns: 2085701024 ns
[    1.812076] clocksource: Switched to clocksource acpi_pm
[    1.867 N: gier ptol miy 2
[   2883]CPstlihed hash table entries: 8192 (order: 3, 32768 bytes)
[    3.611009] TCP bind hash table entries: 8192 (order: 4, 65536 bytes)
[    3.613310] TCP: Hash tables configured (established 8192 bind 8192)
[    3.614424] UDP hash table entries: 512 (order: 2, 16384 bytes)
[    3.615450] UDP-Lite hash table entries: 512 (order: 2, 16384 bytes)
[    3.616626] NET: Registered protocol family 1
[    3.617489] pci 0000:00:00.0: Limiting direct PCI/PCI transfers
[    3.618538] pci 0000:00:01.0: Activating ISA DMA hang workarounds
[    3.619744] Trying to unpack rootfs image as initramfs...
[    5.427359] Freeing initrd memory: 10532K (f6b5e000 - f75a7000)
[    5.532694] platform rtc_cmos: registered platform RTC device (no PNP device found)
[    5.652814] Scanning for low memory corruption every 60 seconds
[   5.056] fteha tlentes51(oer3, 328 te
  7.98] c:efed TSC clocksource calibration: 3058.907 MHz
[    7.936286] clocksource: tsc: mask: 0xffffffffffffffff max_cycles: 0x2c17a524129, max_idle_ns: 440795363204 ns
[    7.936377] audit: initializing netlink subsys (disabled)
[    7.936413] audit: type=2000 audit(1486982384.935:1): initialized
[    7.936862] Initialise system trusted keyring
[    7.937111] HugeTLB registered 2 MB page size, pre-allocated 0 pages
[    7.938414] zbud: loaded
[    7.938625] VFS: Disk quotas dquot_6.6.0
[    7.938677] VFS: Dquot-cache hash table entries: 1024 (order 0, 4096 bytes)
[    7.938950] squashfs: version 4.0 (2009/01/31) Phillip Lougher
[    7.939206] fuse init (API version 7.23)
[    7.939348] Key type big_key registered
[    7.939365] Allocating IMA MOK and blacklist keyrings.
[    7.940284] Key type asymmetric registered
[    7.940293] Asymmetric key parser 'x509' registered
[    7.940310] bounce: pool size: 64 pages
[    7.940345] Block layer SCSI generic (bsg) driver version 0.4 loaded (major 249)
[    7.940422] io scheduler noop registered
[    7.940426] io scheduler deadline registered (default)
[    7.940463] io scheduler cfq registered
[    7.940567] pci_hotplug: PCI Hot Plug PCI Core version: 0.5
[    7.940575] pciehp: PCI Express Hot Plug Controller Driver version: 0.4
[    7.940750] ACPI: AC Adapter [AC] (on-line)
[    7.940840] input: Power Button as /devices/LNXSYSTM:00/LNXPWRBN:00/input/input0
[    7.940849] ACPI: Power Button [PWRF]
[    7.941140] input: Sleep Button as /devices/LNXSYSTM:00/LNXSLPBN:00/input/input1
[    7.941147] ACPI: Sleep Button [SLPF]
[    7.941429] GHES: HEST is not enabled!
[    7.941536] isapnp: Scanning for PnP cards...
[    7.947523] Serial: 8250/16550 driver, 32 ports, IRQ sharing enabled
[    7.989114] 00:03: ttyS0 at I/O 0x3f8 (irq = 4, base_baud = 115200) is a 16550A
[    8.442841] Linux agpgart interface v0.103
[    8.454635] brd: module loaded
[    8.464394] loop: module loaded
[    8.471214] scsi host0: ata_piix
[    8.472296] scsi host1: ata_piix
[    8.473241] ata1: PATA max UDMA/33 cmd 0x1f0 ctl 0x3f6 bmdma 0xd000 irq 14
[    8.474805] ata2: PATA max UDMA/33 cmd 0x170 ctl 0x376 bmdma 0xd008 irq 15
[    8.476814] libphy: Fixed MDIO Bus: probed
[    8.496685] tun: Universal TUN/TAP device driver, 1.6
[    8.497925] tun: (C) 1999-2004 Max Krasnyansky <maxk@qualcomm.com>
[    8.499391] PPP generic driver version 2.4.2
[    8.507238] ehci_hcd: USB 2.0 'Enhanced' Host Controller (EHCI) Driver
[    8.508795] ehci-pci: EHCI PCI platform driver
[    8.509945] ehci-platform: EHCI generic platform driver
[    8.516485] ohci_hcd: USB 1.1 'Open' Host Controller (OHCI) Driver
[    8.518093] ohci-pci: OHCI PCI platform driver
[    8.519196] ohci-platform: OHCI generic platform driver
[    8.520502] uhci_hcd: USB Universal Host Controller Interface driver
[    8.527286] i8042: PNP: PS/2 Controller [PNP0303:PS2K,PNP0f03:PS2M] at 0x60,0x64 irq 1,12
[    8.530365] serio: i8042 KBD port at 0x60,0x64 irq 1
[    8.536847] serio: i8042 AUX port at 0x60,0x64 irq 12
[    8.538207] mousedev: PS/2 mouse device common for all mice
[    8.539969] input: AT Translated Set 2 keyboard as /devices/platform/i8042/serio0/input/input2
[    8.547597] rtc_cmos rtc_cmos: rtc core: registered rtc_cmos as rtc0
[    8.549402] rtc_cmos rtc_cmos: alarms up to one day, 114 bytes nvram
[    8.550859] i2c /dev entries driver
[    8.559206] device-mapper: uevent: version 1.0.3
[    8.560486] device-mapper: ioctl: 4.34.0-ioctl (2015-10-28) initialised: dm-devel@redhat.com
[    8.567854] platform eisa.0: Probing EISA bus 0
[    8.569065] platform eisa.0: EISA: Cannot allocate resource for mainboard
[    8.570595] platform eisa.0: Cannot allocate resource for EISA slot 1
[    8.577501] platform eisa.0: Cannot allocate resource for EISA slot 2
[    8.580067] platform eisa.0: Cannot allocate resource for EISA slot 3
[    8.581562] platform eisa.0: Cannot allocate resource for EISA slot 4
[    8.588299] platform eisa.0: Cannot allocate resource for EISA slot 5
[    8.589955] platform eisa.0: Cannot allocate resource for EISA slot 6
[    8.591406] platform eisa.0: Cannot allocate resource for EISA slot 7
[    8.599002] platform eisa.0: Cannot allocate resource for EISA slot 8
[    8.600496] platform eisa.0: EISA: Detected 0 cards
[    8.608193] cpufreq-nforce2: No nForce2 chipset.
[    8.610377] ledtrig-cpu: registered to indicate activity on CPUs
[    8.612068] NET: Registered protocol family 10
[    8.618707] NET: Registered protocol family 17
[    8.619822] Key type dns_resolver registered
[    8.621149] microcode: CPU0 sig=0x20655, pf=0x4, revision=0x616
[    8.622549] microcode: CPU1 sig=0x20655, pf=0x4, revision=0x616
[    8.628893] microcode: Microcode Update Driver: v2.01 <tigran@aivazian.fsnet.co.uk>, Peter Oruba
[    8.631003] Using IPI No-Shortcut mode
[    8.632274] registered taskstats version 1
[    8.638607] Loading compiled-in X.509 certificates
[    8.642343] Loaded X.509 cert 'Build time autogenerated kernel key: d884481a5860e7cdb15cef4883c70aada3ea9f94'
[    8.651170] zswap: loaded using pool lzo/zbud
[    8.654364] Key type trusted registered
[    8.664198] Key type encrypted registered
[    8.671545] AppArmor: AppArmor sha1 policy hashing enabled
[    8.673093] ima: No TPM chip found, activating TPM-bypass!
[    8.674399] evm: HMAC attrs: 0x1
[    8.675557]   Magic number: 5:144:679
[    8.682950] rtc_cmos rtc_cmos: setting system clock to 2017-02-13 10:39:53 UTC (1486982393)
[    8.685311] BIOS EDD facility v0.16 2004-Jun-25, 0 devices found
[    8.691973] EDD information not available.
[    8.736153] isapnp: No Plug & Play device found
[    8.872262] Freeing unused kernel memory: 944K (c1b91000 - c1c7d000)
[    8.969804] Write protecting the kernel text: 7920k
[    8.988140] Write protecting the kernel read-only data: 3152k
[    9.006718] NX-protecting the kernel data: 6416k
Loading, please wait...
starting version[    9.038239] random: systemd-udevd: uninitialized urandom read (16 bytes read, 2 bits of entropy available)
 229
[    9.039033] random: udevadm: uninitialized urandom read (16 bytes read, 2 bits of entropy available)
[    9.039090] random: udevadm: uninitialized urandom read (16 bytes read, 2 bits of entropy available)
[    9.039268] random: udevadm: uninitialized urandom read (16 bytes read, 2 bits of entropy available)
[    9.039341] random: udevadm: uninitialized urandom read (16 bytes read, 2 bits of entropy available)
[    9.039413] random: udevadm: uninitialized urandom read (16 bytes read, 2 bits of entropy available)
[    9.039492] random: udevadm: uninitialized urandom read (16 bytes read, 2 bits of entropy available)
[    9.039565] random: udevadm: uninitialized urandom read (16 bytes read, 2 bits of entropy available)
[    9.039636] random: udevadm: uninitialized urandom read (16 bytes read, 2 bits of entropy available)
[    9.039707] random: udevadm: uninitialized urandom read (16 bytes read, 2 bits of entropy available)
[    9.992241] clocksource: Switched to clocksource tsc
[   10.014126] e1000: Intel(R) PRO/1000 Network Driver - version 7.3.21-k8-NAPI
[   10.081449] e1000: Copyright (c) 1999-2006 Intel Corporation.
[   10.145957] Fusion MPT base driver 3.04.20
[   10.148001] Copyright (c) 1999-2008 LSI Corporation
[   10.168001] Fusion MPT SPI Host driver 3.04.20
[   10.395825] input: ImExPS/2 Generic Explorer Mouse as /devices/platform/i8042/serio1/input/input4
[   10.567903] e1000 0000:00:03.0 eth0: (PCI:33MHz:32-bit) 02:c7:93:cd:e2:b4
[   10.771785] e1000 0000:00:03.0 eth0: Intel(R) PRO/1000 Network Connection
[   10.973318] mptbase: ioc0: Initiating bringup
[   10.980000] e1000 0000:00:03.0 enp0s3: renamed from eth0
[   11.044552] ioc0: LSI53C1030 A0: Capabilities={Initiator}
[   11.314761] scsi host2: ioc0: LSI53C1030 A0, FwRev=00000000h, Ports=1, MaxQ=256, IRQ=20
[   11.436987] scsi 2:0:0:0: Direct-Access     VBOX     HARDDISK         1.0  PQ: 0 ANSI: 5
[   11.459011] scsi target2:0:0: Beginning Domain Validation
[   11.462449] scsi target2:0:0: Domain Validation skipping write tests
[   11.520721] scsi target2:0:0: Ending Domain Validation
[   11.595261] scsi target2:0:0: asynchronous
[   11.658566] scsi 2:0:1:0: Direct-Access     VBOX     HARDDISK         1.0  PQ: 0 ANSI: 5
[   11.942468] scsi target2:0:1: Beginning Domain Validation
[   12.262914] scsi target2:0:1: Domain Validation skipping write tests
[   12.276874] scsi target2:0:1: Ending Domain Validation
[   12.285356] scsi target2:0:1: asynchronous
[   12.298493] sd 2:0:0:0: Attached scsi generic sg0 type 0
[   12.305261] sd 2:0:0:0: [sda] 20971520 512-byte logical blocks: (10.7 GB/10.0 GiB)
[   12.305517] sd 2:0:1:0: [sdb] 20480 512-byte logical blocks: (10.5 MB/10.0 MiB)
[   12.305662] sd 2:0:1:0: [sdb] Write Protect is off
[   12.305759] sd 2:0:1:0: [sdb] Incomplete mode parameter data
[   12.305762] sd 2:0:1:0: [sdb] Assuming drive cache: write through
[   12.313086] sd 2:0:1:0: Attached scsi generic sg1 type 0
[   12.326297] sd 2:0:0:0: [sda] Write Protect is off
[   12.327613] sd 2:0:0:0: [sda] Incomplete mode parameter data
[   12.473927] sd 2:0:0:0: [sda] Assuming drive cache: write through
[   12.525549] sd 2:0:1:0: [sdb] Attached SCSI disk
[   12.791993]  sda: sda1
[   12.938553] sd 2:0:0:0: [sda] Attached SCSI disk
[   13.148720] floppy0: no floppy controllers found
Begin: Loading e[   14.552316] md: linear personality registered for level -1
ssential drivers ... [   14.724143] md: multipath personality registered for level -4
[   14.740216] md: raid0 personality registered for level 0
[   14.811122] md: raid1 personality registered for level 1
[   14.896047] raid6: mmxx1    gen()  4267 MB/s
[   15.024051] raid6: mmxx2    gen()  4987 MB/s
[   15.152041] raid6: sse1x1   gen()  3784 MB/s
[   15.300047] raid6: sse1x2   gen()  4440 MB/s
[   15.396045] raid6: sse2x1   gen()  7368 MB/s
[   15.508071] raid6: sse2x1   xor()  5846 MB/s
[   15.604046] raid6: sse2x2   gen()  8274 MB/s
[   15.732049] raid6: sse2x2   xor()  6757 MB/s
[   15.775299] raid6: using algorithm sse2x2 gen() 8274 MB/s
[   15.861949] raid6: .... xor() 6757 MB/s, rmw enabled
[   15.942330] raid6: using ssse3x1 recovery algorithm
[   16.014225] xor: measuring software checksum speed
[   16.093090]    pIII_sse  : 32584.000 MB/sec
[   16.173052]    prefetch64-sse: 36844.000 MB/sec
[   16.179505] xor: using function: prefetch64-sse (36844.000 MB/sec)
[   16.184265] async_tx: api initialized (async)
[   16.210797] md: raid6 personality registered for level 6
[   16.217327] md: raid5 personality registered for level 5
[   16.218532] md: raid4 personality registered for level 4
[   16.230423] md: raid10 personality registered for level 10
done.
Begin: Running /scripts/init-premount ... done.
Begin: Mounting root file system ... Begin: Running /scripts/local-top ... don[   16.299329] Btrfs loaded
e.
Begin: Running /scripts/local-premount ... Scanning for Btrfs filesystems
done.
Warning: fsck not present, so skipping root file system
[   16.481488] EXT4-fs (sda1): mounted filesystem with ordered data mode. Opts: (null)
done.
Begin: Running /scripts/local-bottom ... done.
Begin: Running /scripts/init-bottom ... done.
[  17.454]anom nonbloing poo iiniaze

[   18.624798] systemd[1]: systemd 229 running in system mode. (+PAM +AUDIT +SELINUX +IMA +APPARMOR +SMACK +SYSVINIT +UTMP +LIBCRYPTSETUP +GCRYPT +GNUTLS +ACL +XZ -LZ4 +SECCOMP +BLKID +ELFUTILS +KMOD -IDN)
[   18.729875] systemd[1]: Detected virtualization oracle.
[   18.734345] systemd[1]: Detected architecture x86.

Welcome to [1mUbuntu 16.04.1 LTS[0m!

[  18.71] std[1]Sehonae to <uunu>.
[ 19977974] systemd[1]: Initializing machine ID from random generator.
[   20.165538] systemd[1]: Installed transient /etc/machine-id file.
[   21.257773] systemd[1]: Listening on Device-mapper event daemon FIFOs.
[[0;32m  OK  [0m] Listening on Device-mapper event daemon FIFOs.
[   21.286908] systemd[1]: Reached target Swap.
[[0;32m  OK  [0m] Reached target Swap.
[   21.289356] systemd[1]: Created slice User and Session Slice.
[[0;32m  OK  [0m] Created slice User and Session Slice.
[   21.291808] systemd[1]: Listening on Syslog Socket.
[[0;32m  OK  [0m] Listening on Syslog Socket.
[   21.294083] systemd[1]: Listening on Journal Socket (/dev/log).
[[0;32m  OK  [0m] Listening on Journal Socket (/dev/log).
[   21.296694] systemd[1]: Listening on Journal Socket.
[[0;32m  OK  [0m] Listening on Journal Socket.
[   21.302197] systemd[1]: Listening on /dev/initctl Compatibility Named Pipe.
[[0;32m  OK  [0m] Listening on /dev/initctl Compatibility Named Pipe.
[  21.3400]ysmd1]: Strtd Foar Pswd equest tWa Decory Watch.
[[0;32m  OK  [0m] Started Forward Password Requests to Wall Directory Watch.
[   .937 stemd[1 Cat sice stemli.
[[0;32m  OK  [0m] Created slice System Slice.
[   24.193245] systemd[1]: Starting Remount Root and Kernel File Systems...
         Starting Remount Root and Kernel File Systems...
[   24.238143] systemd[1]: Starting Nameserver information manager...
         Starting Nameserver information manager...
[   24.242530] systemd[1]: Mounting Debug File System...
         Mounting Debug File System...
[   24.281976] EXT4-fs (sda1): re-mounted. Opts: (null)
[   24.440667] systemd[1]: Starting Load Kernel Modules...
[   24.547931] Loading iSCSI transport class v2.0-870.
         Starting Load Kernel Modules...
[   24.550754] systemd[1]: Mounting Huge Pages File System...
         Mounting Huge Pages File System...
[   24.555020] systemd[1]: Reached target User and Group Name Lookups.
[[0;32m  OK  [0m] Reached target User and Group Name Lookups.
[   24.558423] systemd[1]: Reached target Slices.
[[0;32m  OK  [0m] Reached target Slices.
[   24.560349] systemd[1]: Reached target Encrypted Volumes.
[[0;32m  OK  [0m] Reached target Encrypted Volumes.
[   24.564090] systemd[1]: Starting Set console keymap...
         Starting Set console keymap...
[   24.573397] systemd[1]: Created slice system-serial\x2dgetty.slice.
[[0;32m  OK  [0m] Created slice system-serial\x2dgetty.slice.
[   24.792512] iscsi: registered transport (tcp)
[   24.876187] systemd[1]: Mounting POSIX Message Queue File System...
         Mounting POSIX Message Queue File System...
[   24.897971] systemd[1]: Listening on Journal Audit Socket.
[[0;32m  OK  [0m] Listening on Journal Audit Socket.
[   24.905518] systemd[1]: Starting Journal Service...
         Starting Journal Service...
[   24.917540] systemd[1]: Listening on udev Kernel Socket.
[[0;32m  OK  [0m] Listening on udev Kernel Socket.
[   24.927087] systemd[1]: Listening on LVM2 poll daemon socket.
[[0;32m  OK  [0m] Listening on LVM2 poll daemon socket.
[   24.930791] systemd[1]: Set up automount Arbitrary Executable File Formats File System Automount Point.
[[0;32m  OK  [0m] Set up automount Arbitrary Executab...ats File System Automount Point.
[   25.026443] iscsi: registered transport (iser)
[   25.033032] systemd[1]: Starting Create list of required static device nodes for the current kernel...
         Starting Create list of required st... nodes for the current kernel...
[   25.151833] systemd[1]: Starting Uncomplicated firewall...
         Starting Uncomplicated firewall...
[   25.159100] systemd[1]: Listening on udev Control Socket.
[[0;32m  OK  [0m] Listening on udev Control Socket.
[   25.162161] systemd[1]: Listening on LVM2 metadata daemon socket.
[[0;32m  OK  [0m] Listening on LVM2 metadata daemon socket.
[   25.168765] systemd[1]: Starting Monitoring of LVM2 mirrors, snapshots etc. using dmeventd or progress polling...
         Starting Monitoring of LVM2 mirrors... dmeventd or progress polling...
[   25.190099] systemd[1]: Mounted POSIX Message Queue File System.
[[0;32m  OK  [0m] Mounted POSIX Message Queue File System.
[   25.276589] systemd[1]: Mounted Debug File System.
[[0;32m  OK  [0m] Mounted Debug File System.
[   25.314202] systemd[1]: Mounted Huge Pages File System.
[[0;32m  OK  [0m] Mounted Huge Pages File System.
[   25.324613] systemd[1]: Started Journal Service.
[[0;32m  OK  [0m] Started Journal Service.
[[0;32m  OK  [0m] Started Remount Root and Kernel File Systems.
[[0;32m  OK  [0m] Started Load Kernel Modules.
[[0;32m  OK  [0m] Started Set console keymap.
[[0;32m  OK  [0m] Started Create list of required sta...ce nodes for the current kernel.
[[0;32m  OK  [0m] Started Uncomplicated firewall.
[[0;32m  OK  [0m] Started Nameserver information manager.
[[0;32m  OK  [0m] Started LVM2 metadata daemon.
         Starting Create Static Device Nodes in /dev...
         Mounting FUSE Control File System...
         Starting Apply Kernel Variables...
         Starting Load/Save Random Seed...
         Starting udev Coldplug all Devices...
         Starting Initial cloud-init job (pre-networking)...
         Starting Flush Journal to Persistent Storage...
[[0;32m  OK  [0m] Mounted FUSE Control File System.
[[0;32m  OK  [0m] Started Load/Save Random Seed.
[   26.269645] systemd-journald[406]: Received request to flush runtime journal from PID 1
[[0;32m  OK  [0m] Started udev Coldplug all Devices.
[[0;32m  OK  [0m] Started Flush Journal to Persistent Storage.
[[0;32m  OK  [0m] Started Apply Kernel Variables.
[[0;32m  OK  [0m] Started Monitoring of LVM2 mirrors,...ng dmeventd or progress polling.
[[0;32m  OK  [0m] Started Create Static Device Nodes in /dev.
         Starting udev Kernel Device Manager...
[[0;32m  OK  [0m] Started udev Kernel Device Manager.
[[0;32m  OK  [0m] Started Dispatch Password Requests to Console Directory Watch.
[[0;32m  OK  [0m] Reached target Local File Systems (Pre).
[[0;32m  OK  [0m] Reached target Local File Systems.
         Starting Tell Plymouth To Write Out Runtime Data...
         Starting Commit a transient machine-id on disk...
         Starting LSB: AppArmor initialization...
         Starting Set console font and keymap...
         Starting Create Volatile Files and Directories...
[[0;32m  OK  [0m] Started Tell Plymouth To Write Out Runtime Data.
[[0;32m  OK  [0m] Started Commit a transient machine-id on disk.
[[0;32m  OK  [0m] Started Create Volatile Files and Directories.
         Starting Update UTMP about System Boot/Shutdown...
[[0;32m  OK  [0m] Reached target System Time Synchronized.
[[0;32m  OK  [0m] Started Update UTMP about System Boot/Shutdown.
[[0;32m  OK  [0m] Found device /dev/ttyS0.
[[0;32m  OK  [0m] Listening on Load/Save RF Kill Switch Status /dev/rfkill Watch.
[[0;32m  OK  [0m] Started LSB: AppArmor initialization.
[[0;32m  OK  [0m] Started Set console font and keymap.
[[0;32m  OK  [0m] Created slice system-getty.slice.
[   34.393891] cloud-init[452]: Cloud-init v. 0.7.8 running 'init-local' at Mon, 13 Feb 2017 10:40:18 +0000. Up 33.63 seconds.
[[0;32m  OK  [0m] Started Initial cloud-init job (pre-networking).
[[0;32m  OK  [0m] Reached target Network (Pre).
         Starting Raise network interfaces...
[[0;32m  OK  [0m] Started Raise network interfaces.
         Starting Initial cloud-init job (metadata service crawler)...
[[0;32m  OK  [0m] Reached target Network.
[   38.607119] cloud-init[1031]: Cloud-init v. 0.7.8 running 'init' at Mon, 13 Feb 2017 10:40:20 +0000. Up 35.56 seconds.
[[0;32m  OK  [0m] Started Initial cloud-init job (metadata service crawler).
[   38.680971] cloud-init[1031]: ci-info: +++++++++++++++++++++++++++++++++++++Net device info++++++++++++++++++++++++++++++++++++++
[[0;32m  OK  [0m] Reached target Cloud-config availability.
[[0;32m  OK  [0m] Reached target Network is Online.
[   38.712711] cloud-init[1031]: ci-info: +--------+------+----------------------------+---------------+-------+-------------------+
[   38.713407] cloud-init[1031]: ci-info: | Device |  Up  |          Address           |      Mask     | Scope |     Hw-Address    |
         Starting iSCSI initiator daemon (iscsid)...
[   38.713684] cloud-init[1031]: ci-info: +--------+------+----------------------------+---------------+-------+-------------------+
[   38.801368] cloud-init[1031]: ci-info: | enp0s3 | True |         10.0.2.15          | 255.255.255.0 |   .   | 02:c7:93:cd:e2:b4 |
[[0;32m  OK  [0m] Reached target System Initialization.
[   38.801573] cloud-init[1031]: ci-info: | enp0s3 | True | fe80::c7:93ff:fecd:e2b4/64 |       .       |  link | 02:c7:93:cd:e2:b4 |
[[   38.815988] [0;32m  OK  [0mcloud-init] [1031]: Listening on D-Bus System Message Bus Socket.ci-info: |   lo   | True |         127.0.0.1          |   255.0.0.0   |   .   |         .         |

[   38.816307] cloud-init[1031]: ci-info: |   lo   | True |          ::1/128           |       .       |  host |         .         |
[   38.845091] cloud-init[1031]: ci-info: +--------+------+----------------------------+---------------+-------+-------------------+
[   38.845599] cloud-init[1031]: ci-info: +++++++++++++++++++++++++++Route IPv4 info++++++++++++++++++++++++++++
[[0;32m  OK  [0m] Started Timer to automatically refresh installed snaps.
[[   38.845813] cloud-init[1031]: ci-info: +-------+-------------+----------+---------------+-----------+-------+
[   38.993680] cloud-init[1031]: ci-info: | Route | Destination | Gateway  |    Genmask    | Interface | Flags |
[   38.993855] cloud-init[1031]: ci-info: +-------+-------------+----------+---------------+-----------+-------+
[   38.994093] cloud-init[1031]: ci-info: |   0   |   0.0.0.0   | 10.0.2.2 |    0.0.0.0    |   enp0s3  |   UG  |
[   38.994315] cloud-init[1031]: ci-info: |   1   |   10.0.2.0  | 0.0.0.0  | 255.255.255.0 |   enp0s3  |   U   |
[   38.994544] cloud-init[1031]: ci-info: +-------+-------------+----------+---------------+-----------+-------+
[   38.994767] cloud-init[1031]: Generating public/private rsa key pair.
[   38.995011] cloud-init[1031]: Your identification has been saved in /etc/ssh/ssh_host_rsa_key.
[   38.995229] cloud-init[1031]: Your public key has been saved in /etc/ssh/ssh_host_rsa_key.pub.
[   38.995456] cloud-init[1031]: The key fingerprint is:
[   38.995684] cloud-init[1031]: SHA256:XlCLbd2cM3w0euEpbo/6MiRq/TT7mLiFeaXezJ9tAaQ root@ubuntu-xenial
[   38.995910] cloud-init[1031]: The key's randomart image is:
[   38.996243] cloud-init[1031]: +---[RSA 2048]----+
[   38.996772] cloud-init[1031]: |          .    o.|
[   38.997018] cloud-init[1031]: |         + o =oo+|
[   38.997246] cloud-init[1031]: |        o + +oB+.|
[   38.997468] cloud-init[1031]: |         o E..o+ |
[   38.997693] cloud-init[1031]: |        S .  +.  |
[   38.997919] cloud-init[1031]: |       . oo.+ o. |
[   38.998147] cloud-init[1031]: |        +oo* . ..|
[   38.998372] cloud-init[1031]: |       o .*oX   +|
[   38.998603] cloud-init[1031]: |      .  ooB=*.+.|
[   38.999446] cloud-init[1031]: +----[SHA256]-----+
[   38.999765] cloud-init[1031]: Generating public/private dsa key pair.
[   38.999992] cloud-init[1031]: Your identification has been saved in /etc/ssh/ssh_host_dsa_key.
[   39.000421] cloud-init[1031]: Your public key has been saved in /etc/ssh/ssh_host_dsa_key.pub.
[   39.000684] cloud-init[1031]: The key fingerprint is:
[0;32m  OK  [0m] Started Daily apt activities.
[   39.001022] cloud-init[1031]: SHA256:OlSLD7/QghH3xYRY73LiOj8l74wLrqKVJLczk3n/alk root@ubuntu-xenial
[   39.100737] cloud-init[1031]: The key's randomart image is:
[   39.115231] cloud-init[1031]: +---[DSA 1024]----+
[   39.118011] cloud-init[1031]: |       o...      |
[   39.132562] cloud-init[1031]: |      . .+       |
[   39.132822] cloud-init[1031]: |    . . . +      |
         Starting LXD - unix socket.
[   39.133040]          cloud-initStarting Socket activation for snappy daemon.[1031]: 
|     o + +       |
[   39.168531] [cloud-init[0;32m  OK  [0m[1031]: ] |. o . + S o      |Started Trigger resolvconf update for networkd DNS.

[   39.169190] [cloud-init[0;32m  OK  [0m[1031]: ] | + = + BE+.      |Started Daily Cleanup of Temporary Directories.

[   39.198568] [[0;32m  OK  [0m] Reached target Timers.
cloud-init[1031]: |  X o *o=+       |
[   39.205604] [cloud-init[0;32m  OK  [0m[1031]: ] | ..= o+*.+.      |Started ACPI Events Check.

[   39.206232] [[0;32m  OK  [0m] Reached target Paths.
[[0;32m  OK  [0m] Listening on ACPID Listen Socket.
[[0;32m  OK  [0m] Listening on UUID daemon activation socket.
cloud-init[1031]: |.. ..o==*+o      |
[   39.220569] cloud-init[1031]: +----[SHA256]-----+
[   39.248711] cloud-init[1031]: Generating public/private ecdsa key pair.
[   39.249419] cloud-init[1031]: Your identification has been saved in /etc/ssh/ssh_host_ecdsa_key.
[[0;32m  OK  [0m] Listening on LXD - unix socket.
[[   39.249626] cloud-init[1031]: Your public key has been saved in /etc/ssh/ssh_host_ecdsa_key.pub.
[0;32m  OK  [0m] Listening on Socket activation for snappy daemon.
[   39.257153] cloud-init[1031]: The key fingerprint is:
[   39.269629] cloud-init[1031]: SHA256:jvqFRzAsRw3cOnSspPMvvvfVHW+aIBkdUcUGoG8yA4s root@ubuntu-xenial
[   39.269876] cloud-init[1031]: The key's randomart image is:
[   39.270114] cloud-init[1031]: +---[ECDSA 256]---+
[   39.270359] cloud-init[1031]: |     .o=    ooo+.|
[   39.270613] cloud-init[1031]: |     o+ =  . .  o|
[   39.270843] cloud-init[1031]: |    .+=+. . .  . |
[   39.271085] cloud-init[1031]: |    oo++ o o .   |
[   39.271326] cloud-init[1031]: |     oE.S = +  . |
[   39.271566] cloud-init[1031]: |      .=   B . .o|
[   39.271807] cloud-init[1031]: |      o.+ o o . +|
[   39.272140] cloud-init[1031]: |     ..oo  o . + |
[   39.272308] cloud-init[1031]: |    .o++ ..   o  |
[   39.272546] cloud-init[1031]: +----[SHA256]-----+
[[0;32m  OK  [0m] Started iSCSI initiator daemon (iscsid).
[   39.273528] cloud-init[1031]: Generating public/private ed25519 key pair.
[   39.368118] cloud-init[1031]: Your identification has been saved in /etc/ssh/ssh_host_ed25519_key.
[   39.380496]          cloud-initStarting Login to default iSCSI targets...[1031]: 
Your public key has been saved in /etc/ssh/ssh_host_ed25519_key.pub.
[   39.436502] [cloud-init[0;32m  OK  [0m[1031]: ] The key fingerprint is:Reached target Sockets.

[   39.449273] [cloud-init[0;32m  OK  [0m[1031]: ] SHA256:dHQX/YoI9POqdoAO42X1GqkjNpD68xeWe/iEo5NIG/s root@ubuntu-xenialReached target Basic System.

[   39.449934] cloud-init[1031]: The key's randomart image is:
[   39.480368] cloud-init[1031]: +--[ED25519 256]--+
[   39.484573] cloud-init[1031]: |          . . oo |
[   39.525638] cloud-init[1031]: |        .. . .  .|
[   39.540480] cloud-init[1031]: |       ....     .|
[   39.541055] cloud-init[1031]: |       .o.o     .|
[[0;32m  OK  [0m] Started Snappy daemon.
[   39.541212] cloud-init[1031]: |   .   +S+ + . . |
[   39.564681] [cloud-init[0;32m  OK  [0m[1031]: ] |  = o B.+ o o .  |Started D-Bus System Message Bus.

[   39.565483] cloud-init[1031]: | o B Oo=.+ .     |
[   39.598664] cloud-init[1031]: |. = B.Bo+ o      |
[   39.608618] cloud-init[1031]: | ..=E= =oo       |
[   39.617041] cloud-init[1031]: +----[SHA256]-----+
         Starting Login Service...
         Starting Accounts Service...
         Starting LXD - container startup/shutdown...
[[0;32m  OK  [0m] Started FUSE filesystem for LXC.
[[0;32m  OK  [0m] Started ACPI event daemon.
         Starting Auto import assertions from block devices...
         Starting LSB: MD monitoring daemon...
         Starting /etc/rc.local Compatibility...
         Starting Apply the settings specified in cloud-config...
[[0;32m  OK  [0m] Started Regular background program processing daemon.
         Starting LSB: Record successful boot for GRUB...
         Starting Pollinate to seed the pseudo random number generator...
[[0;32m  OK  [0m] Started Deferred execution scheduler.
         Starting System Logging Service...
[[0;32m  OK  [0m] Started Auto import assertions from block devices.
[[0;32m  OK  [0m] Started /etc/rc.local Compatibility.
[[0;32m  OK  [0m] Started Login Service.
[[0;32m  OK  [0m] Started LSB: Record successful boot for GRUB.
[[0;32m  OK  [0m] Started Login to default iSCSI targets.
[[0;32m  OK  [0m] Reached target Remote File Systems (Pre).
[[0;32m  OK  [0m] Reached target Remote File Systems.
         Starting LSB: Set the CPU Frequency Scaling governor to "ondemand"...
         Starting LSB: automatic crash report generation...
         Starting LSB: VirtualBox Linux Additions...
         Starting LSB: daemon to balance interrupts for SMP systems...
         Starting Permit User Sessions...
[[0;32m  OK  [0m] Started LSB: MD monitoring daemon.
[[0;32m  OK  [0m] Started LSB: Set the CPU Frequency Scaling governor to "ondemand".
[[0;32m  OK  [0m] Started Permit User Sessions.
         Starting Hold until boot process finishes up...
         Starting Terminate Plymouth Boot Screen...
         Starting Authenticate and Authorize Users to Run Privileged Tasks...
[[0;32m  OK  [0m] Started Hold until boot process finishes up.
[[0;32m  OK  [0m] Started Terminate Plymouth Boot Screen.
         Starting Set console scheme...
[[0;32m  OK  [0m] Started Serial Getty on ttyS0.
[[0;32m  OK  [0m] Started Getty on tty1.
[[0;32m  OK  [0m] Reached target Login Prompts.
[[0;32m  OK  [0m] Started Set console scheme.
[   41.946589] cloud-init[1159]: Generating locales (this might take a while)...
[[0;32m  OK  [0m] Started System Logging Service.
[[0;32m  OK  [0m] Started LSB: daemon to balance interrupts for SMP systems.
[[0;32m  OK  [0m] Started LSB: automatic crash report generation.
[[0;32m  OK  [0m] Started Authenticate and Authorize Users to Run Privileged Tasks.
[[0;32m  OK  [0m] Started Accounts Service.
[[0;32m  OK  [0m] Started LSB: VirtualBox Linux Additions.
[[0;32m  OK  [0m] Started LXD - container startup/shutdown.
[   43.528653] cloud-init[1159]:   en_US.UTF-8... done
[   43.564627] cloud-init[1159]: Generation complete.
[[0;32m  OK  [0m] Stopped OpenBSD Secure Shell server.
         Starting OpenBSD Secure Shell server...
[[0;32m  OK  [0m] Started OpenBSD Secure Shell server.
[[0;32m  OK  [0m] Started Pollinate to seed the pseudo random number generator.
[[0;32m  OK  [0m] Reached target Multi-User System.
[[0;32m  OK  [0m] Reached target Graphical Interface.
         Starting Update UTMP about System Runlevel Changes...
[[0;32m  OK  [0m] Started Update UTMP about System Runlevel Changes.
[[0;32m  OK  [0m] Created slice User Slice of ubuntu.
         Starting User Manager for UID 1000...
[[0;32m  OK  [0m] Started Session 1 of user ubuntu.
[[0;32m  OK  [0m] Started User Manager for UID 1000.
[   46.120226] cloud-init[1159]: Cloud-init v. 0.7.8 running 'modules:config' at Mon, 13 Feb 2017 10:40:25 +0000. Up 40.82 seconds.
[[0;32m  OK  [0m] Started Apply the settings specified in cloud-config.
         Starting Execute cloud user/final scripts...
ci-info: no authorized ssh keys fingerprints found for user ubuntu.
<14>Feb 13 10:40:32 ec2: 
<14>Feb 13 10:40:32 ec2: #############################################################
<14>Feb 13 10:40:32 ec2: -----BEGIN SSH HOST KEY FINGERPRINTS-----
<14>Feb 13 10:40:32 ec2: 1024 SHA256:OlSLD7/QghH3xYRY73LiOj8l74wLrqKVJLczk3n/alk root@ubuntu-xenial (DSA)
<14>Feb 13 10:40:32 ec2: 256 SHA256:jvqFRzAsRw3cOnSspPMvvvfVHW+aIBkdUcUGoG8yA4s root@ubuntu-xenial (ECDSA)
<14>Feb 13 10:40:32 ec2: 256 SHA256:dHQX/YoI9POqdoAO42X1GqkjNpD68xeWe/iEo5NIG/s root@ubuntu-xenial (ED25519)
<14>Feb 13 10:40:32 ec2: 2048 SHA256:XlCLbd2cM3w0euEpbo/6MiRq/TT7mLiFeaXezJ9tAaQ root@ubuntu-xenial (RSA)
<14>Feb 13 10:40:32 ec2: -----END SSH HOST KEY FINGERPRINTS-----
<14>Feb 13 10:40:32 ec2: #############################################################
-----BEGIN SSH HOST KEY KEYS-----
ecdsa-sha2-nistp256 AAAAE2VjZHNhLXNoYTItbmlzdHAyNTYAAAAIbmlzdHAyNTYAAABBBPfGX53dI9LcuC8HE9B+3VSgRkrwfH6T7j50YO5UW7/B99CUhetfWZN4jdgYwRvt+2A5wZu3mcybJ6YSp7ereeM= root@ubuntu-xenial
ssh-ed25519 AAAAC3NzaC1lZDI1NTE5AAAAIINnGmpi4aQ6Nc+KiAgsjIpxu0I5BDmBlKud8t3p0ih1 root@ubuntu-xenial
ssh-rsa AAAAB3NzaC1yc2EAAAADAQABAAABAQC7dJ7ib2rLvuuaWSzl4q2lXishb1fBkZDYWRFIuWAoYp0IFRP6NJi4vLS/3dQYpBwWxb+IdpFSQEu91k+DxNq1urRLrPujaDEq+UnujWHCR8vEVM6NJEbezWscCuS8Fo0vtSZ77MgmXvUQ9vU83np0q60F0AXFA5zXxbL/VgZaeFMZow2HJas1TeR7MHnzIMb8NIWtkUZ6X0zRFF9uePtDKuM2YrHTY0rJItlwYgGM3RwPpNtBdzxWW6X1QR/dt/ccQWsw+gLFuE/evF3V+294B4Te6n2vbaNsTaCAZ+ZOC8kvMMbRoiI+YHcM+NJvcZpmGOPtKF5fPDZbcZFLWfIF root@ubuntu-xenial
-----END SSH HOST KEY KEYS-----
[   47.262986] cloud-init[1459]: Cloud-init v. 0.7.8 running 'modules:final' at Mon, 13 Feb 2017 10:40:31 +0000. Up 46.61 seconds.
[   47.263373] cloud-init[1459]: ci-info: no authorized ssh keys fingerprints found for user ubuntu.
[   47.263714] cloud-init[1459]: Cloud-init v. 0.7.8 finished at Mon, 13 Feb 2017 10:40:32 +0000. Datasource DataSourceNoCloud [seed=/dev/sdb][dsmode=net].  Up 47.24 seconds

Ubuntu 16.04.1 LTS ubuntu-xenial ttyS0

ubuntu-xenial login: 